---
source: crates/carddav/src/addressbook/tests.rs
expression: response.serialize_to_string().unwrap()
---
<?xml version="1.0" encoding="utf-8"?>
<response xmlns="DAV:">
    <href>/carddav/principal/user/yeet/</href>
    <propstat>
        <prop xmlns="DAV:">
            <supported-address-data xmlns="urn:ietf:params:xml:ns:carddav">
                <address-data-type xmlns="urn:ietf:params:xml:ns:carddav" content-type="text/vcard" version="3.0"/>
                <address-data-type xmlns="urn:ietf:params:xml:ns:carddav" content-type="text/vcard" version="4.0"/>
            </supported-address-data>
            <supported-collation-set xmlns="urn:ietf:params:xml:ns:carddav">
                <supported-collation xmlns="urn:ietf:params:xml:ns:carddav">i;ascii-casemap</supported-collation>
                <supported-collation xmlns="urn:ietf:params:xml:ns:carddav">i;unicode-casemap</supported-collation>
                <supported-collation xmlns="urn:ietf:params:xml:ns:carddav">i;octet</supported-collation>
            </supported-collation-set>
            <supported-report-set xmlns="DAV:">
                <supported-report xmlns="DAV:">
                    <report xmlns="DAV:">
                        <addressbook-multiget xmlns="urn:ietf:params:xml:ns:carddav"/>
                    </report>
                </supported-report>
                <supported-report xmlns="DAV:">
                    <report xmlns="DAV:">
                        <sync-collection xmlns="DAV:"/>
                    </report>
                </supported-report>
            </supported-report-set>
            <max-resource-size xmlns="DAV:">10000000</max-resource-size>
            <sync-token xmlns="DAV:">github.com/lennart-k/rustical/ns/0</sync-token>
            <getctag xmlns="http://calendarserver.org/ns/">github.com/lennart-k/rustical/ns/0</getctag>
            <transports xmlns="https://bitfire.at/webdav-push">
                <web-push xmlns="https://bitfire.at/webdav-push"/>
            </transports>
            <topic xmlns="https://bitfire.at/webdav-push">asdasd</topic>
            <supported-triggers xmlns="https://bitfire.at/webdav-push">
                <content-update xmlns="https://bitfire.at/webdav-push">
                    <depth xmlns="DAV:">1</depth>
                </content-update>
                <property-update xmlns="https://bitfire.at/webdav-push">
                    <depth xmlns="DAV:">1</depth>
                </property-update>
            </supported-triggers>
            <resourcetype xmlns="DAV:">
                <collection xmlns="DAV:"/>
                <addressbook xmlns="urn:ietf:params:xml:ns:carddav"/>
            </resourcetype>
            <current-user-principal xmlns="DAV:">
                <href xmlns="DAV:">/carddav/principal/user/</href>
            </current-user-principal>
            <current-user-privilege-set xmlns="DAV:">
                <privilege>
                    <all/>
                </privilege>
            </current-user-privilege-set>
            <owner xmlns="DAV:">
                <href xmlns="DAV:">/carddav/principal/user/</href>
            </owner>
        </prop>
        <status xmlns="DAV:">HTTP/1.1 200 OK</status>
    </propstat>
</response>
