---
source: crates/carddav/src/principal/tests.rs
expression: response.serialize_to_string().unwrap()
---
<?xml version="1.0" encoding="utf-8"?>
<response xmlns="DAV:">
    <href>/carddav/principal/user/</href>
    <propstat>
        <prop xmlns="DAV:">
            <principal-URL xmlns="DAV:">
                <href xmlns="DAV:">/carddav/principal/user/</href>
            </principal-URL>
            <group-membership xmlns="DAV:">
                <href xmlns="DAV:">/carddav/principal/group/</href>
            </group-membership>
            <group-member-set xmlns="DAV:">
            </group-member-set>
            <alternate-URI-set xmlns="DAV:"/>
            <principal-collection-set xmlns="DAV:">
                <href xmlns="DAV:">/carddav/principal/</href>
            </principal-collection-set>
            <addressbook-home-set xmlns="urn:ietf:params:xml:ns:carddav">
                <href xmlns="DAV:">/carddav/principal/group/</href>
                <href xmlns="DAV:">/carddav/principal/user/</href>
            </addressbook-home-set>
            <resourcetype xmlns="DAV:">
                <collection xmlns="DAV:"/>
                <principal xmlns="DAV:"/>
            </resourcetype>
            <displayname xmlns="DAV:">user</displayname>
            <current-user-principal xmlns="DAV:">
                <href xmlns="DAV:">/carddav/principal/user/</href>
            </current-user-principal>
            <current-user-privilege-set xmlns="DAV:">
                <privilege>
                    <all/>
                </privilege>
            </current-user-privilege-set>
            <owner xmlns="DAV:">
                <href xmlns="DAV:">/carddav/principal/user/</href>
            </owner>
        </prop>
        <status xmlns="DAV:">HTTP/1.1 200 OK</status>
    </propstat>
</response>
