---
source: tests/integration_tests/carddav/addressbook_import.rs
expression: body
---
BEGIN:VCALENDAR
VERSION:2.0
PRODID:RustiCal Export
CALSCALE:GREGORIAN
X-WR-CALNAME:Test Birthdays
X-WR-CALDESC:and anniversaries
X-WR-CALCOLOR:#FFFF00
BEGIN:VEVENT
DTSTAMP:[DTSTAMP]
DTSTART;VALUE=DATE:19000203
DTEND;VALUE=DATE:19000204
UID:amazing-uid-birthday
RRULE:FREQ=YEARLY
SUMMARY:🎂 John Doe
TRANSP:TRANSPARENT
BEGIN:VALARM
TRIGGER;VALUE=DURATION:-PT0M
ACTION:DISPLAY
DESCRIPTION:🎂 John Doe
END:VALARM
END:VEVENT
BEGIN:VEVENT
DTSTAMP:[DTSTAMP]
DTSTART;VALUE=DATE:19000303
DTEND;VALUE=DATE:19000304
UID:amazing-uid-anniversary
RRULE:FREQ=YEARLY
SUMMARY:💍 John Doe
TRANSP:TRANSPARENT
BEGIN:VALARM
TRIGGER;VALUE=DURATION:-PT0M
ACTION:DISPLAY
DESCRIPTION:💍 John Doe
END:VALARM
END:VEVENT
END:VCALENDAR
