---
source: crates/dav_push/src/lib.rs
expression: message.payload
---
Some(
    WebPushPayload {
        content: [
            153,
            235,
            46,
            252,
            147,
            64,
            3,
            2,
            223,
            42,
            92,
            228,
            43,
            69,
            15,
            67,
            0,
            0,
            16,
            0,
            65,
            4,
            18,
            239,
            142,
            86,
            174,
            220,
            0,
            198,
            183,
            80,
            131,
            82,
            182,
            154,
            40,
            202,
            80,
            105,
            233,
            246,
            165,
            189,
            172,
            208,
            20,
            222,
            45,
            104,
            180,
            35,
            179,
            162,
            18,
            28,
            156,
            77,
            236,
            193,
            236,
            226,
            205,
            39,
            98,
            65,
            68,
            144,
            138,
            97,
            52,
            253,
            8,
            60,
            195,
            80,
            183,
            32,
            12,
            74,
            61,
            135,
            112,
            144,
            52,
            191,
            220,
            9,
            160,
            194,
            171,
            199,
            201,
            119,
            116,
            10,
            143,
            13,
            203,
            195,
            135,
            248,
            1,
            166,
            44,
            195,
            18,
            9,
            17,
            188,
            203,
            24,
            78,
            21,
            0,
            32,
            139,
            254,
            46,
            6,
            145,
            42,
            226,
            169,
            104,
            220,
            182,
            28,
            238,
            167,
            40,
            164,
            155,
            239,
            142,
            132,
            150,
            215,
            176,
            224,
            16,
            21,
            11,
            213,
            48,
            63,
            232,
            174,
            30,
            118,
            205,
            94,
            167,
            125,
            135,
            92,
            214,
            150,
            25,
            96,
            25,
            92,
            237,
            47,
            126,
            195,
            207,
            35,
            226,
            189,
            95,
            192,
            151,
            193,
            139,
            234,
            223,
            194,
            173,
            118,
            253,
            166,
            77,
            88,
            16,
            75,
            103,
            112,
            85,
            1,
            79,
            109,
            215,
            198,
            98,
            19,
            159,
            239,
            43,
            214,
            119,
            175,
            236,
            16,
            38,
            245,
            19,
            18,
            62,
            103,
            90,
            215,
            168,
            200,
            190,
            19,
            203,
            108,
            121,
            194,
            149,
            80,
            195,
            186,
            223,
            135,
            123,
            136,
            23,
            18,
        ],
        crypto_headers: [
            (
                "Authorization",
                "vapid t=eyJhbGciOiJFUzI1NiIsInR5cCI6IkpXVCJ9.eyJpYXQiOjE3ODc1OTk0NzksImV4cCI6MTc4NzY0MjY3OSwibmJmIjoxNzg3NTk5NDc5LCJzdWIiOiJtYWlsdG86ZXhhbXBsZUBleGFtcGxlLmNvbSIsImF1ZCI6Imh0dHBzOi8vbnRmeS5leGFtcGxlLmNvbSJ9.JqILWYbjJJz1J3fDDqJkBEFFX1upi2DQeAy92hnp_bnLy-hxo9EVmi3BWixBW6-BuaCviCsCu2pA9XBA6WTeAQ, k=BFEnoRsQ3AGqqM3q_7aPGxqVG-oQpSvegEtxK6EppOHlSsUT2RBTFaeZ-3TIvfnJGYcdKlLIPcDimpSLSxq28ik",
            ),
        ],
        content_encoding: Aes128Gcm,
    },
)
